* Microsoft COBOL Version 4.5        L2.4 revision 002 09-Sep-15 15:18 Page   1
*                                      EM0108.CBL
* Options: LIST(EM0108.LST) ASMLIST(EM0108.GRP)
     1 IDENTIFICATION DIVISION.
     2 PROGRAM-ID.      EM0108.
     3 AUTHOR.          FABIO EDUARDO LEONARDO.
     4 INSTALLATION.    FATEC-SP.
     5 DATE-WRITTEN.    02/09/2015.
     6 DATE-COMPILED. 09-Sep-15 15:18.
     7 SECURITY.        MODIFICACAO SOMENTE COM AUTORIZACAO.
     8*REMARKS.         LER OS REGISTROS DE CADFUN CALCULAR O REAJUSTE
     9*                 E GRAVAR EM CADSAI.
    10
    11 ENVIRONMENT DIVISION.
    12
    13 CONFIGURATION SECTION.
    14     SOURCE-COMPUTER.  IBM-PC.
    15     OBJECT-COMPUTER.  IBM-PC.
    16     SPECIAL-NAMES.    DECIMAL-POINT IS COMMA.
    17
    18 INPUT-OUTPUT SECTION.
    19 FILE-CONTROL.
    20
    21     SELECT CADFUN ASSIGN TO DISK
    22     ORGANIZATION IS LINE SEQUENTIAL.
    23
    24     SELECT CADSAI ASSIGN TO DISK
    25     ORGANIZATION IS LINE SEQUENTIAL.
    26
    27 DATA DIVISION.
    28 FILE SECTION.
    29
    30 FD CADFUN
    31     LABEL RECORD ARE STANDARD
    32     VALUE OF FILE-ID IS "CADFUN.DAT".
    33
    34 01 REG-ENT.
    35     02 COD-ENT   PIC 9(05).
    36     02 NOME-ENT  PIC X(20).
    37     02 SAL-ENT   PIC 9(05)V99.
    38
    39 FD CADSAI
    40     LABEL RECORD ARE STANDARD
    41     VALUE OF FILE-ID IS "CADSAI.DAT".
    42
    43 01 REG-SAI.
    44     02 COD-SAI    PIC 9(05).
    45     02 NOME-SAI   PIC X(20).
    46     02 SAL-SAI    PIC 9(05)V99.
    47
    48 WORKING-STORAGE SECTION.
    49
    50 77 FIM-ARQ       PIC X(03) VALUE "NAO".
    51 77 REAJUSTADO    PIC 9(05)V99 VALUE ZEROS.
    52
    53 PROCEDURE DIVISION.
    54
    55 EM01-08.
    56
    57     PERFORM INICIO.
* Microsoft COBOL Version 4.5        L2.4 revision 002 09-Sep-15 15:18 Page   2
*                                      EM0108.CBL
    58
    59     PERFORM PRINCIPAL
    60             UNTIL FIM-ARQ EQUAL "SIM".
    61
    62         PERFORM TERMINO.
    63
    64     STOP RUN.
    65
    66 INICIO.
    67
    68     OPEN INPUT CADFUN
    69         OUTPUT CADSAI.
    70     PERFORM LEITURA.
    71
    72 LEITURA.
    73
    74     READ CADFUN AT END MOVE "SIM" TO FIM-ARQ.
    75
    76 PRINCIPAL.
    77
    78     PERFORM REAJUSTE.
    79     PERFORM GRAVACAO.
    80     PERFORM LEITURA.
    81
    82 REAJUSTE.
    83
    84     IF SAL-ENT IS NOT GREATER THAN 1000
    85         MULTIPLY SAL-ENT BY 1,12 GIVING REAJUSTADO
    86     ELSE
    87         IF SAL-ENT IS GREATER THAN 1000 AND
    88                 NOT GREATER THAN 2000
    89             MULTIPLY SAL-ENT BY 1,11 GIVING REAJUSTADO
    90         ELSE
    91             MULTIPLY SAL-ENT BY 1,10 GIVING REAJUSTADO.
    92
    93 GRAVACAO.
    94
    95     MOVE COD-ENT TO COD-SAI.
    96     MOVE NOME-ENT TO NOME-SAI.
    97     MOVE REAJUSTADO TO SAL-SAI.
    98     WRITE REG-SAI.
    99
   100 TERMINO.
   101
   102     CLOSE CADFUN
   103           CADSAI.
   104
   105
   106
   107
   108
   109
   110
   111
   112
   113
* Microsoft COBOL Version 4.5        L2.4 revision 002
* (C)Copyright Microsoft Corp 1984, 1991       URN AXUPA/MS0/000000
* Microsoft COBOL Version 4.5        L2.4 revision 002 09-Sep-15 15:18 Page   3
*                                      EM0108.CBL
*                                              REF GNB-024050002A7
*
* Total Messages:     0
* Data:        1044     Code:         412     Dictionary:        1158
