* Microsoft COBOL Version 5.0        L2.4 revision 003 02-Dec-15 02:15 Page   1
*                                        EM0401.CBL
* Options: LIST(EM0401.LST) ASMLIST(EM0401.GRP)
     1 IDENTIFICATION DIVISION.
     2 PROGRAM-ID.    EM0401.
     3 AUTHOR.        FABIO COSTA.
     4 INSTALLATION.  FATEC-SP.
     5 DATE-WRITTEN.  01/12/2015.
     6 DATE-COMPILED. 02-Dec-15 0.
     7 SECURITY.      NAO MODIFICAR SEM AUTORIZACAO.
     8*REMARKS.       REALIZAR A INTERCALACAO DOS ARQUIVOS DE ENTRADA,
     9*               GERANDO O ARQUIVO DE SAIDA.
    10
    11 ENVIRONMENT DIVISION.
    12 CONFIGURATION SECTION.
    13 SOURCE-COMPUTER.  IBM-PC.
    14 OBJECT-COMPUTER.  IBM-PC.
    15 SPECIAL-NAMES.    DECIMAL-POINT IS COMMA.
    16
    17 INPUT-OUTPUT SECTION.
    18 FILE-CONTROL.
    19     SELECT ARQA ASSIGN TO DISK
    20     ORGANIZATION IS LINE SEQUENTIAL.
    21
    22     SELECT ARQB ASSIGN TO DISK
    23     ORGANIZATION IS LINE SEQUENTIAL.
    24
    25     SELECT ARQC ASSIGN TO DISK
    26     ORGANIZATION IS LINE SEQUENTIAL.
    27
    28 DATA DIVISION.
    29 FILE SECTION.
    30
    31 FD ARQA
    32     LABEL RECORD ARE STANDARD
    33     VALUE OF FILE-ID IS "ARQA.DAT".
    34 01 REG-ARQA.
    35     02 COD-ARQA       PIC 9(03).
    36     02 NOME-ARQA      PIC X(30).
    37     02 TURMA-ARQA     PIC X(20).
    38
    39 FD ARQB
    40     LABEL RECORD ARE STANDARD
    41     VALUE OF FILE-ID IS "ARQB.DAT".
    42 01 REG-ARQB.
    43     02 COD-ARQB       PIC 9(03).
    44     02 NOME-ARQB      PIC X(30).
    45     02 TURMA-ARQB     PIC X(20).
    46
    47 FD ARQC
    48     LABEL RECORD ARE STANDARD
    49     VALUE OF FILE-ID IS "ARQC.DAT".
    50 01 REG-ARQC.
    51     02 COD-ARQC       PIC 9(03).
    52     02 NOME-ARQC      PIC X(30).
    53     02 TURMA-ARQC     PIC X(20).
    54
    55 WORKING-STORAGE SECTION.
    56
    57 77 CH-ARQA            PIC X(03) VALUE SPACES.
* Microsoft COBOL Version 5.0        L2.4 revision 003 02-Dec-15 02:15 Page   2
*                                        EM0401.CBL
    58 77 CH-ARQB            PIC X(03) VALUE SPACES.
    59
    60 PROCEDURE DIVISION.
    61
    62 EM04-01.
    63     PERFORM INICIO.
    64     PERFORM PRINCIPAL UNTIL CH-ARQA EQUAL CH-ARQB AND
    65                             CH-ARQB EQUAL HIGH-VALUES.
    66     PERFORM FIM.
    67     STOP RUN.
    68
    69 INICIO.
    70     OPEN INPUT   ARQA
    71                  ARQB
    72          OUTPUT  ARQC.
    73     PERFORM LER-ARQA.
    74     PERFORM LER-ARQB.
    75
    76 LER-ARQA.
    77     READ ARQA AT END MOVE HIGH-VALUES TO CH-ARQA.
    78     IF CH-ARQA EQUAL HIGH-VALUES
    79         NEXT SENTENCE
    80     ELSE
    81         MOVE COD-ARQA TO CH-ARQA.
    82
    83 LER-ARQB.
    84     READ ARQB AT END MOVE HIGH-VALUES TO CH-ARQB.
    85     IF CH-ARQB EQUAL HIGH-VALUES
    86         NEXT SENTENCE
    87     ELSE
    88         MOVE COD-ARQB TO CH-ARQB.
    89
    90 PRINCIPAL.
    91     IF CH-ARQA EQUAL CH-ARQB
    92         PERFORM IGUAL
    93         PERFORM LER-ARQA
    94         PERFORM LER-ARQB
    95     ELSE
    96         IF CH-ARQA LESS CH-ARQB
    97             PERFORM MENOR
    98             PERFORM LER-ARQA
    99         ELSE
   100             PERFORM MAIOR
   101             PERFORM LER-ARQB.
   102
   103 IGUAL.
   104     PERFORM GRAVA-ARQA.
   105     PERFORM GRAVA-ARQB.
   106
   107 MENOR.
   108     PERFORM GRAVA-ARQA.
   109
   110 MAIOR.
   111     PERFORM GRAVA-ARQB.
   112
   113 GRAVA-ARQA.
   114     MOVE COD-ARQA   TO COD-ARQC.
   115     MOVE NOME-ARQA  TO NOME-ARQC.
* Microsoft COBOL Version 5.0        L2.4 revision 003 02-Dec-15 02:15 Page   3
*                                        EM0401.CBL
   116     MOVE TURMA-ARQA TO TURMA-ARQC.
   117     WRITE REG-ARQC.
   118
   119 GRAVA-ARQB.
   120     MOVE COD-ARQB   TO COD-ARQC.
   121     MOVE NOME-ARQB  TO NOME-ARQC.
   122     MOVE TURMA-ARQB TO TURMA-ARQC.
   123     WRITE REG-ARQC.
   124
   125 FIM.
   126     CLOSE ARQA
   127           ARQB
   128           ARQC.
* Microsoft COBOL Version 5.0        L2.4 revision 003
* (C)Copyright Microsoft Corp 1984, 1993       URN AXUPA/ZZ0/00001
*                                              REF GNB-029052003A8
*
* Total Messages:     0
* Data:        1176     Code:         575
